---
source: crates/core/src/kdf/security_questions_keys_from_questions_and_answer_scheme.rs
expression: "Sut::default()"
---
Version1(
    SecurityQuestionsKDFSchemeVersion1 {
        entropies_from_questions_answer_and_salt: SecurityQuestionsKeyExchangeKeysFromQandAsLowerTrimUtf8,
        kdf_encryption_keys_from_key_exchange_keys: SecurityQuestionsEncryptionKeysByXorEntropies,
    },
)
